[chainprompt.pages.dev/index.html]
[backblue.gif]
[fade.gif]
[index.html]
[chainprompt.pages.dev/files/popup-2.css]
[chainprompt.pages.dev/45bfc3e331f58ef.js]
[chainprompt.pages.dev/maighrttethuv.xyz/logo192.html]
[chainprompt.pages.dev/files/main.35d64eb6.css]
[chainprompt.pages.dev/files/inline.css]
[chainprompt.pages.dev/files/logo.png]
[chainprompt.pages.dev/files/btc.7711669e9b380abc5a6a9bd657e508f9.png]
[chainprompt.pages.dev/files/euro.5a6be435b85a6ae56e6d1ef4fae11523.png]
[chainprompt.pages.dev/files/gold.565d98bb392ce882f91847152f2dcb9e.png]
[chainprompt.pages.dev/files/Illustration.71de895c1e28bd43688f612a8089a59b.svg]
[chainprompt.pages.dev/files/omega.d0d7df942e77c30a0aeaf72b1f742d4b.svg]
[chainprompt.pages.dev/files/money-receive.7bfa590f189ccd9e4deb6811502eb917.svg]
[chainprompt.pages.dev/files/bitcoin-refresh.2a51a9a2ac69e69936bfd0c688c20fee.svg]
[chainprompt.pages.dev/files/bitcoin-covert.c68b5b03f39600a3987bb2c148d05c91.svg]
[chainprompt.pages.dev/files/dollar-school.822faac934bb6eb700fac3d65dd2583c.svg]
[chainprompt.pages.dev/files/lock.d8a150df5ab67953286020df53006679.svg]
[chainprompt.pages.dev/files/smart-phone.7297d1e53ef9ec14189fc4a5b8439f3f.svg]
[chainprompt.pages.dev/files/key.dc13c066b563854dab3af9de9709d6df.svg]
[chainprompt.pages.dev/index.html]
[chainprompt.pages.dev/files/popup-2.css]
[chainprompt.pages.dev/maighrttethuv.xyz/logo192.html]
[chainprompt.pages.dev/files/main.35d64eb6.css]
[chainprompt.pages.dev/files/pyth.878b61dd53e9c786aff070c93b2c765a.svg]
[chainprompt.pages.dev/static/media/landing-bg.a29ed05348cbd82410854aa83db84c56.svg]
[chainprompt.pages.dev/static/media/landing-tablet.html]
[chainprompt.pages.dev/files/inline.css]
[chainprompt.pages.dev/files/Illustration.71de895c1e28bd43688f612a8089a59b.svg]
[chainprompt.pages.dev/files/omega.d0d7df942e77c30a0aeaf72b1f742d4b.svg]
[chainprompt.pages.dev/files/money-receive.7bfa590f189ccd9e4deb6811502eb917.svg]
[chainprompt.pages.dev/files/bitcoin-refresh.2a51a9a2ac69e69936bfd0c688c20fee.svg]
[chainprompt.pages.dev/files/bitcoin-covert.c68b5b03f39600a3987bb2c148d05c91.svg]
[chainprompt.pages.dev/files/dollar-school.822faac934bb6eb700fac3d65dd2583c.svg]
[chainprompt.pages.dev/files/lock.d8a150df5ab67953286020df53006679.svg]
[chainprompt.pages.dev/files/smart-phone.7297d1e53ef9ec14189fc4a5b8439f3f.svg]
[chainprompt.pages.dev/files/key.dc13c066b563854dab3af9de9709d6df.svg]
[chainprompt.pages.dev/files/pyth.878b61dd53e9c786aff070c93b2c765a.svg]
[chainprompt.pages.dev/static/media/landing-bg.a29ed05348cbd82410854aa83db84c56.svg]
[chainprompt.pages.dev/static/media/landing-tablet.html]
[chainprompt.pages.dev/static/media/landing-mobile.html]
[chainprompt.pages.dev/static/media/landing-mobile.html]
